2021/10/17 18:45:18 /Users/maruyamanaoki/go/src/Go_practice/log.go:25: Exit open ./ssegw: no such file or directory
